// Jest Snapshot v1, https://goo.gl/fbAQLP

exports[`matches snapshot 1`] = `
<DocumentFragment>
  <form>
    <label
      for="task"
    >
      Enter task:   
    </label>
    <input
      data-testid="task-input"
      id="task"
      name="task"
      type="text"
      value=""
    />
    <br />
    <button>
      Submit
    </button>
  </form>
</DocumentFragment>
`;
